Γû▓ Next.js 16.2.4 (Turbopack)
- Environments: .env

node.exe : ΓÜá The "middleware" file convention is deprecated. Please use "proxy" instead. Learn more: 
https://nextjs.org/docs/messages/middleware-to-proxy
At line:1 char:1
+ & "C:\Program Files\nodejs/node.exe" "C:\Program Files\nodejs/node_mo ...
+ ~~~~~~~~~~~~~~~~~~~~~~~~~~~~~~~~~~~~~~~~~~~~~~~~~~~~~~~~~~~~~~~~~~~~~
    + CategoryInfo          : NotSpecified: (ΓÜá The "middle...leware-to-proxy:String) [], RemoteException
    + FullyQualifiedErrorId : NativeCommandError
 
  Creating an optimized production build ...
Γ£ô Compiled successfully in 5.6min
  Running TypeScript ...
  Finished TypeScript in 72s ...
  Collecting page data using 3 workers ...
  Generating static pages using 3 workers (0/30) ...
  Generating static pages using 3 workers (7/30) 
  Generating static pages using 3 workers (14/30) 
  Generating static pages using 3 workers (22/30) 
Γ£ô Generating static pages using 3 workers (30/30) in 58s
  Finalizing page optimization ...

Route (app)
Γöî Γùï /
Γö£ Γùï /_not-found
Γö£ Γùï /about
Γö£ Γùï /admin
Γö£ Γùï /admin/analytics
Γö£ Γùï /admin/products
Γö£ ╞Æ /admin/products/[id]/edit
Γö£ Γùï /admin/products/new
Γö£ Γùï /admin/services
Γö£ ╞Æ /admin/services/[id]/edit
Γö£ Γùï /admin/services/new
Γö£ Γùï /agro
Γö£ ╞Æ /api/admin/analytics
Γö£ ╞Æ /api/analytics/whatsapp-click
Γö£ ╞Æ /api/auth/[...nextauth]
Γö£ ╞Æ /api/contact
Γö£ ╞Æ /api/products
Γö£ ╞Æ /api/products/[id]
Γö£ ╞Æ /api/services
Γö£ ╞Æ /api/services/[id]
Γö£ ╞Æ /api/upload
Γö£ Γùï /auto
Γö£ Γùï /commodity
Γö£ Γùï /contact
Γö£ Γùï /login
Γö£ Γùï /logistics
Γö£ Γùï /privacy
Γö£ ΓùÅ /products/[id]
Γöé Γö£ /products/feed-001
Γöé Γö£ /products/fish-001
Γöé Γö£ /products/maize-001
Γöé Γöö [+2 more paths]
Γöö Γùï /terms


╞Æ Proxy (Middleware)

Γùï  (Static)   prerendered as static content
ΓùÅ  (SSG)      prerendered as static HTML (uses generateStaticParams)
╞Æ  (Dynamic)  server-rendered on demand

